=== N+S+Q 开始 22:46:36 ===
  N+S+Q: 观测损失 0.185302，开始 999 次置换…
    N+S+Q: 100/999 失败 0
    N+S+Q: 200/999 失败 0
    N+S+Q: 300/999 失败 0
    N+S+Q: 400/999 失败 0
    N+S+Q: 500/999 失败 0
    N+S+Q: 600/999 失败 0
    N+S+Q: 700/999 失败 0
    N+S+Q: 800/999 失败 0
    N+S+Q: 900/999 失败 0
  N+S+Q: 循环移位诊断（块长 7）…
    N+S+Q: 100/999 失败 0
    N+S+Q: 200/999 失败 0
    N+S+Q: 300/999 失败 0
    N+S+Q: 400/999 失败 0
    N+S+Q: 500/999 失败 0
    N+S+Q: 600/999 失败 0
    N+S+Q: 700/999 失败 0
    N+S+Q: 800/999 失败 0
    N+S+Q: 900/999 失败 0
{"status": "completed", "candidate": "N+S+Q", "successful": 999, "failed": 0, "p_value": 0.761}
=== N+S+Q 结束 22:47:47 ===
=== N+S+Q+SF 开始 22:47:47 ===
  N+S+Q+SF: 观测损失 0.155100，开始 999 次置换…
    N+S+Q+SF: 100/999 失败 0
    N+S+Q+SF: 200/999 失败 0
    N+S+Q+SF: 300/999 失败 0
    N+S+Q+SF: 400/999 失败 0
    N+S+Q+SF: 500/999 失败 0
    N+S+Q+SF: 600/999 失败 0
    N+S+Q+SF: 700/999 失败 0
    N+S+Q+SF: 800/999 失败 0
    N+S+Q+SF: 900/999 失败 0
  N+S+Q+SF: 循环移位诊断（块长 7）…
    N+S+Q+SF: 100/999 失败 0
    N+S+Q+SF: 200/999 失败 0
    N+S+Q+SF: 300/999 失败 0
    N+S+Q+SF: 400/999 失败 0
    N+S+Q+SF: 500/999 失败 0
    N+S+Q+SF: 600/999 失败 0
    N+S+Q+SF: 700/999 失败 0
    N+S+Q+SF: 800/999 失败 0
    N+S+Q+SF: 900/999 失败 0
{"status": "completed", "candidate": "N+S+Q+SF", "successful": 999, "failed": 0, "p_value": 0.014}
=== N+S+Q+SF 结束 22:52:18 ===
